EDA duplicate VIN rows: 271 (keeping first per VIN)

=== 1. Reachability funnel (July turn-ups that the builder could ever list) ===
 milestone  actual  in_EDA  has_LastPMS  has_invoice  status_ok  reachable_%
        20     526     523          503          425        425         80.8
        30     554     553          547          490        490         88.4
        40     444     442          440          400        400         90.1
        50     453     451          450          415        415         91.6
        60     356     353          350          324        324         91.0
        70     280     277          277          255        255         91.1
        80     221     214          211          194        194         87.8
        90     165     161          161          142        142         86.1
       100     119     119          117          101        101         84.9

=== 2. Due-date error for reachable turn-ups (predicted - actual, months; negative = we said too early) ===
 milestone  reachable  no_due_date  p10_mo  median_mo  p90_mo  burn_used_%
        20        425            0    -4.6       -0.2     2.7         49.6
        30        490            0    -4.6       -0.3     5.4         50.1
        40        400            0    -5.9        0.3     8.2         50.2
        50        415            0    -7.8        0.3    11.6         50.4
        60        324            0    -7.1        0.8    15.6         50.5
        70        255            0    -7.5        1.6    20.5         50.6
        80        194            0   -12.1        0.0    22.5         50.6
        90        142            0   -11.8        3.2    21.5         50.6
       100        101            0   -16.6        2.2    19.2         50.7

=== 3. Recall vs window width (candidate count in brackets) ===
 milestone  actual  recall_+-0d  recall_+-15d  recall_+-30d  recall_+-60d  recall_+-90d  recall_+-180d
        20     526         19.0          34.4          45.1          56.7          62.7           72.6
        30     554          9.6          23.6          33.9          53.2          61.2           76.2
        40     444          7.2          16.2          25.5          38.5          45.5           67.3
        50     453          8.4          17.2          23.6          35.1          44.4           61.4
        60     356          5.1          11.2          16.9          26.4          36.2           57.0
        70     280          5.7          11.8          17.9          25.7          33.6           53.9
        80     221          3.2           4.1           6.8          15.8          27.1           42.1
        90     165          5.5           7.9           8.5          13.3          19.4           37.0
       100     119          0.8           2.5           5.0          12.6          17.6           34.5

 milestone  cands_+-0d  cands_+-15d  cands_+-30d  cands_+-60d  cands_+-90d  cands_+-180d
        20         510          977         1448         2406         3335          5806
        30         626         1355         1968         3346         4488          7536
        40         478         1010         1557         2684         3893          7730
        50         565         1150         1724         2881         3986          7118
        60         501         1014         1559         2694         3746          6775
        70         419          878         1372         2304         3318          6151
        80         366          729         1109         1962         2845          5324
        90         399          813         1185         1986         2842          5113
       100         367          725         1122         1955         2785          5236

Written to candidates_jul2026/diag_*.csv
